жений. Товарищи! консультация с широким активом 
позволяет выполнять важные задания по разработке систем массового 
участия. Равным образом постоянн