вседневная практика показывает, 
что укрепление и развитие структуры обеспечивает широкому кругу 
(специалистов) участие в формировании дальнейших н