Идейные соображения высшего порядка, а также рамки и место обучения
кадров обеспечивает широкому кругу (специалистов) участие в формировании
новых предл
