ожений. Идейные соображения высшего порядка, а также
дальнейшее развитие различных форм деятельности позволяет оценить
значение новых предложений. Товар
