ищи! консультация с широким активом
позволяет выполнять важные задания по разработке систем массового
участия. Равным образом постоянный количественный 
