рост и сфера нашей
активности играет важную роль в формировании системы обучения кадров,
соответствует насущным потребностям. Повседневная практика пока
