зывает,
что укрепление и развитие структуры обеспечивает широкому кругу
(специалистов) участие в формировании дальнейших направлений развития.
