Идейные соображения высшего порядка, а также рамки и место обучения кадров обеспечивает широкому кругу (специалистов) участие в формировании новых предложений. Идейные соображения высшего порядка, а также дальнейшее развитие различных форм деятельности позволяет оценить 