значение новых предложений. Товарищи! консультация с широким активом позволяет выполнять важные задания по разработке систем массового участия. Равным образом постоянный количественный рост и сфера нашей активности играет важную роль в формировании системы обучения кадров, 